// Jest Snapshot v1, https://goo.gl/fbAQLP

exports[`Should render Homepage  should render correctly  1`] = `
<div
  style={
    Object {
      "backgroundImage": "url(https://cutewallpaper.org/21/website-background-images-hd/Autodesk-Wallpaper-Website-Background-Hd-Wallpapers-.jpg)",
      "backgroundRepeat": "no-repeat",
      "height": "1000px",
    }
  }
>
  <div
    class="box"
    id="box"
  >
    <div
      class="box-inner"
      id="box-inner"
    >
      <div
        style={
          Object {
            "display": "flex",
            "flexDirection": "column",
            "justifyContent": "center",
            "padding": "1%",
          }
        }
      >
        <iframe
          allow="accelerometer; autoplay; clipboard-write; encrypted-media; gyroscope; picture-in-picture"
          allowFullScreen={true}
          frameBorder="0"
          height="480"
          src="https://www.youtube.com/embed/rokGy0huYEA"
          title="Embedded youtube"
          width={0}
        />
      </div>
    </div>
  </div>
  <div
    class="box2"
    className="form-group"
  >
    <label
      htmlFor="formGroupExampleInput"
      style={
        Object {
          "marginLeft": "40%",
        }
      }
    >
      Video   
    </label>
    <WithStyles(ForwardRef(Button))
      component="label"
      variant="contained"
    >
      Upload File
      <input
        id="inputFile"
        onChange={[Function]}
        style={
          Object {
            "display": "none",
          }
        }
        type="file"
      />
    </WithStyles(ForwardRef(Button))>
  </div>
  <div
    class="box3"
    className="form-group"
  >
    <label
      htmlFor="formGroupExampleInput"
      style={
        Object {
          "marginLeft": "38%",
        }
      }
    >
      Search Text 
    </label>
    <input
      className="form-control"
      id="formGroupExampleInput"
      type="text"
    />
  </div>
  <WithStyles(ForwardRef(Button))
    className="makeStyles-submit-6"
    color="primary"
    style={
      Object {
        "marginLeft": "870px",
        "marginTop": "900px",
      }
    }
    variant="contained"
  >
    <div
      onClick={[Function]}
    >
      Search
    </div>
  </WithStyles(ForwardRef(Button))>
</div>
`;
